{'T': {'S': [{'expr': [{'T_COS': [{'T_ID': 'a'}]}]},
             {'S': [{'expr': [{'T_SIN': [{'T_ID': 'b'}]}]},
                    {'S': [{'expr': [{'T_TAN': [{'T_ID': 'c'}]}]},
                           {'S': [{'expr': [{'T_NOT': [{'T_ID': 'd'}]}]},
                                  {'e': []}]}]}]}]}}
