{'T': {'S': [{'expr': [{'T_WHILE': [{'expr': [{'T_EQ': [{'T_INT': '5'},
                                                        {'T_ID': 'x'}]}]},
                                    {'expr': [{'expr': [{'T_ASSIGN': [{'T_ID': 'x'},
                                                                      {'T_MINUS': [{'T_ID': 'x'},
                                                                                   {'T_INT': '1'}]}]}]}]}]}]},
             {'e': []}]}}