{'T': {'S': [{'expr': [{'T_PLUS': [{'T_INT': '1'}, {'T_INT': '1'}]}]},
             {'S': [{'expr': [{'T_MINUS': [{'T_INT': '1'},
                                           {'T_INT': '1'}]}]},
                    {'S': [{'expr': [{'T_MULT': [{'T_INT': '1'},
                                                 {'T_INT': '1'}]}]},
                           {'S': [{'expr': [{'T_DIV': [{'T_INT': '1'},
                                                       {'T_INT': '1'}]}]},
                                  {'S': [{'expr': [{'T_MOD': [{'T_INT': '1'},
                                                              {'T_INT': '1'}]}]},
                                         {'S': [{'expr': [{'T_EXP': [{'T_INT': '1'},
                                                                     {'T_INT': '1'}]}]},
                                                {'e': []}]}]}]}]}]}]}}
