{'T': {'S': [{'expr': [{'T_INT': '1'}]},
             {'S': [{'expr': [{'T_ID': 'x'}]},
                    {"S'": [{'S': [{'S': [{'expr': [{'T_INT': '1'}]},
                                          {'S': [{'expr': [{'T_INT': '5'}]},
                                                 {'e': []}]}]}]},
                            {"S'": {'e': []}}]}]}]}}