{'T': {'S': [{'expr': [{'T_INT': '1'}]},
             {'S': [{'expr': [{'T_ID': 'x'}]},
                    {"S'": [{'S': [{'S': [{'expr': [{'T_INT': '1'}]},
                                          {'S': [{'expr': [{'T_INT': '5'}]},
                                                 {'e': []}]}]}]},
                            {"S'": {"S'": [{'S': [{'S': [{'expr': [{'T_FLOAT': '5.1'}]},
                                                         {'S': [{'expr': [{'T_FLOAT': '4.3'}]},
                                                                {'e': []}]}]}]},
                                           {"S'": {'S': [{'expr': [{'T_PLUS': [{'T_FLOAT': '5.3'},
                                                                               {'T_INT': '4'}]}]},
                                                         {'e': []}]}}]}}]}]}]}}
